// Jest Snapshot v1, https://goo.gl/fbAQLP

exports[`renders a snapshot 1`] = `
<div
  className="App"
>
  <header
    className="App-header"
  >
    <img
      alt="logo"
      className="App-logo"
      src="logo.svg"
    />
    <p>
      Edit 
      <code>
        src/App.js
      </code>
       and save to reload.
    </p>
    <a
      className="App-link"
      href="https://reactjs.org"
      rel="noopener noreferrer"
      target="_blank"
    >
      Learn React
    </a>
  </header>
  <h2>
    Test
  </h2>
  <div
    className="text-center card"
  >
    <img
      alt="picture of myself"
      className="card-img-top"
      src="Pattie.jpg"
    />
    <div
      className="card-body"
    >
      <div
        className="card-title h5"
      >
  Pattie
      </div>
      <p
        className="card-text"
      >
        Software Development student working on a snapshot testing GitHub card.
      </p>
    </div>
  </div>
</div>
`;